[pf.hanbing365.cn/app/indexb483.html]
[res2.wx.qq.com/open/js/jweixin-1.6.0.js]
[backblue.gif]
[fade.gif]
[index.html]
[pf.hanbing365.cn/addons/yy_shequn2/template/mobile/images/css/swiper-3.2.7.min.css]
[pf.hanbing365.cn/addons/yy_shequn2/template/mobile/images/css/css.css]
[pf.hanbing365.cn/app/index8159.html]
[pf.hanbing365.cn/addons/yy_shequn2/template/mobile/images/arrow.jpg]
[xe.hanbinglianai.com/addons/yy_shequn2/template/mobile/images/homet.png]
[xe.hanbinglianai.com/addons/yy_shequn2/template/mobile/images/client.png]
[pf.hanbing365.cn/app/index7d1c.html]
[xe.hanbinglianai.com/addons/yy_shequn2/template/mobile/images/agency.png]
[pf.hanbing365.cn/addons/yy_shequn2/template/mobile/images/js/swiper-3.4.0.jquery.min.js]
[pf.hanbing365.cn/addons/yy_shequn2/template/mobile/images/js/base.js]
[pf.hanbing365.cn/addons/yy_shequn2/template/mobile/images/js/jquery-3.4.1.min.js]
[pf.hanbing365.cn/addons/yy_shequn2/template/mobile/images/js/hui.js]
[pf.hanbing365.cn/addons/yy_shequn2/template/mobile/images/js/hui-refresh-load-more.js]
[pf.hanbing365.cn/app/index8517.html]
[pf.hanbing365.cn/attachment/images/3/2022/09/N50nCJKt239c03dshAAC9N2Kb939Fh.png]
[pf.hanbing365.cn/attachment/images/3/2022/09/YFy4fzRcxi6VkM747mfxz9oNFRW6mO.png]
[pf.hanbing365.cn/app/indexc9eb.html]
[pf.hanbing365.cn/attachment/images/3/2022/09/O12oxU1ny42l8n2j2J36g82nl2dJc1.png]
[pf.hanbing365.cn/app/indexe8b2.html]
[pf.hanbing365.cn/attachment/images/3/2022/09/Je3KkZIR2Wwq2pKihhUJ2kMFzwhPje.png]
[pf.hanbing365.cn/app/indexd42b.html]
[pf.hanbing365.cn/attachment/images/3/2022/09/rU2HUWUUh2qZcUUOsdBU2DH2u6hJD4.png]
[pf.hanbing365.cn/app/indexfaec.html]
[pf.hanbing365.cn/attachment/images/3/2022/09/fWbqe55e355igwJQ5JHjHmj40woe5L.png]
[pf.hanbing365.cn/app/indexb1ca.html]
[pf.hanbing365.cn/attachment/images/3/2022/09/v8Tl8c68tzTqx4IVVrXSplLxxpS4Th.png]
[pf.hanbing365.cn/app/index4c82.html]
[pf.hanbing365.cn/attachment/images/3/2022/09/U7nusMZ0Ei0bMMiUImzN8blC7FBBSc.png]
[pf.hanbing365.cn/app/indexc6c9.html]
[pf.hanbing365.cn/attachment/images/3/2022/09/UAH6io2M600vo2a88I2HA2VHri8aZ0.png]
[pf.hanbing365.cn/app/index89ab.html]
[pf.hanbing365.cn/attachment/images/3/2022/09/UxggKwxCQXj3GGMDZGOlx7kW0iXj1O.png]
[pf.hanbing365.cn/app/index15bd.html]
[pf.hanbing365.cn/attachment/images/3/2022/09/Dq4F99QQS9AHFAtQ9692QS93Ha99sO.png]
[pf.hanbing365.cn/app/index8eb6.html]
[pf.hanbing365.cn/attachment/images/3/2022/09/AV33v2c3C305bC30azB4aHWKKc4623.png]
[pf.hanbing365.cn/app/indexc972.html]
[pf.hanbing365.cn/attachment/images/3/2022/09/sGfIz9KGyKGtIKGjIi43fUMU9h4S4G.png]
[pf.hanbing365.cn/app/index9cad.html]
[pf.hanbing365.cn/attachment/images/3/2022/09/XdccTdKcIO3I3013dzF1aDcK0AXOY0.png]
[pf.hanbing365.cn/app/index78f2.html]
[pf.hanbing365.cn/attachment/images/3/2022/09/nXCmmm3XcAZFAAGM5AxajCfa58mArc.png]
[pf.hanbing365.cn/app/index3f9b.html]
[pf.hanbing365.cn/attachment/images/3/2022/09/s1JR0ytk42p0s2TUSp41u62CUxT24C.png]
[pf.hanbing365.cn/app/index336b.html]
[pf.hanbing365.cn/attachment/images/3/2022/09/zRri6jLrIZ7L2Ac6I763lRLfir7Pry.png]
[pf.hanbing365.cn/app/index5798.html]
[pf.hanbing365.cn/attachment/images/3/2022/09/oTtTROx31nu5x5zuq9zqOu311o3o63.png]
[pf.hanbing365.cn/app/index3473.html]
[pf.hanbing365.cn/attachment/images/3/2022/09/BwU6wTN7tBTUOZkH991LhzwyTEDXul.png]
[pf.hanbing365.cn/app/index7dbf.html]
[pf.hanbing365.cn/attachment/images/3/2022/09/CKy7kR1Kk8CO9n4k64er4k4Ocr4Cos.png]
[pf.hanbing365.cn/app/indexe549.html]
[pf.hanbing365.cn/attachment/images/3/2022/09/L1a57iUKx852uz2xAk8Hs16116236x.png]
[pf.hanbing365.cn/app/indexe273.html]
[pf.hanbing365.cn/attachment/images/3/2022/09/PG14AGzV2UulQ29a0ecV39b40F0gQ2.png]
[pf.hanbing365.cn/app/index5447.html]
[pf.hanbing365.cn/attachment/images/3/2022/09/Qq97Hd98p2DQP2qpg38qp3P8qQcQdh.png]
[pf.hanbing365.cn/app/index5e8a.html]
[pf.hanbing365.cn/attachment/images/3/2022/09/Nhhjlk4WkPwOz6oYbHOkLhLoMb1HYB.png]
[pf.hanbing365.cn/app/index2296.html]
[pf.hanbing365.cn/attachment/images/3/2022/09/AC6KM2fEl2kctFD47s44Em6sDmse7K.png]
[pf.hanbing365.cn/app/index10e7.html]
[pf.hanbing365.cn/attachment/images/3/2022/09/BeVmVNp0vA3AhF0A673zF6t9u0FoPP.png]
[pf.hanbing365.cn/app/index27ef.html]
[pf.hanbing365.cn/attachment/images/3/2022/09/JwnnPYZ5Z9w4ptGUjpuJWgJnUw3snu.png]
[pf.hanbing365.cn/app/indexd563.html]
[pf.hanbing365.cn/attachment/images/3/2022/09/iUQnVmv8nnnNAUaXzVUnnh3Vu1ANNu.png]
[pf.hanbing365.cn/app/index9d06.html]
[pf.hanbing365.cn/attachment/images/3/2022/09/Wt0497vZ89Y9Mk79Ij144IdchyV09c.png]
[pf.hanbing365.cn/app/index3e8b.html]
[pf.hanbing365.cn/attachment/images/3/2022/09/F03bCRAmqisP4mV1aCMrZ313C4pvIT.png]
[pf.hanbing365.cn/app/index5d42.html]
[pf.hanbing365.cn/app/indexd192.html]
[pf.hanbing365.cn/app/index2d21.html]
[pf.hanbing365.cn/app/indexed57.html]
[pf.hanbing365.cn/app/indexb483.html]
[res2.wx.qq.com/open/js/jweixin-1.6.0.js]
[hm.baidu.com/hmd41d.js]
[pf.hanbing365.cn/addons/yy_shequn2/template/mobile/images/css/swiper-3.2.7.min.css]
[pf.hanbing365.cn/app/indexe286.html]
[pf.hanbing365.cn/addons/yy_shequn2/template/mobile/images/homet.png]
[pf.hanbing365.cn/addons/yy_shequn2/template/mobile/images/client.png]
[pf.hanbing365.cn/addons/yy_shequn2/template/mobile/images/agency.png]
[pf.hanbing365.cn/addons/yy_shequn2/template/mobile/images/my.png]
[pf.hanbing365.cn/addons/yy_shequn2/template/mobile/images/pay_ok.png]
[pf.hanbing365.cn/addons/yy_shequn2/template/mobile/images/css/css.css]
[pf.hanbing365.cn/addons/yy_shequn2/template/mobile/images/search.png]
[pf.hanbing365.cn/app/index5ae1.html]
[pf.hanbing365.cn/app/indexe29c.html]
[pf.hanbing365.cn/app/indexaf62.html]
[pf.hanbing365.cn/app/indexe71e.html]
[pf.hanbing365.cn/addons/yy_shequn2/template/mobile/images/upload.png]
[pf.hanbing365.cn/app/index8923.html]
[pf.hanbing365.cn/app/index8159.html]
[pf.hanbing365.cn/app/index72bb.html]
[pf.hanbing365.cn/addons/yy_shequn2/template/mobile/images/js/jquery.min.js]
[pf.hanbing365.cn/attachment/images/3/2022/09/Nh4wz9JWKookrqqhU484W51iU41w4Z.jpg]
[pf.hanbing365.cn/attachment/images/3/2022/09/ER983j4fmMO0Oj9E4fDPmr04mR2dDM.jpg]
[pf.hanbing365.cn/attachment/images/3/2022/09/lMajK77wI7UFIEwJTQ4mjpiw2QuPwW.jpg]
[pf.hanbing365.cn/attachment/images/3/2022/09/u55qx53ny80o90tXNr9zQ00n905xY0.jpg]
[pf.hanbing365.cn/attachment/images/3/2022/09/xJsps5MDrL4e42LEndMel2rlM9fF59.jpg]
[pf.hanbing365.cn/attachment/images/3/2022/09/SQVqZqV8CacAccKqvXA3l5L144444w.jpg]
[pf.hanbing365.cn/attachment/images/3/2022/09/Ffmmm5rVMQjpJR7BPJFmzUyMVEMOOb.jpg]
[pf.hanbing365.cn/attachment/images/3/2022/09/H22AMzIMFJXTFXNTogmV12dq122Rx2.jpg]
[pf.hanbing365.cn/attachment/images/3/2022/09/sYi7AsBky9A77KB7yNTYBnGYZaBkA7.jpg]
[pf.hanbing365.cn/attachment/images/3/2022/09/B32R6Vaq6qhq7Lradz6aZlGVW7l3qq.jpg]
[pf.hanbing365.cn/attachment/images/3/2022/09/KsaWNGBBwYG65Bi8VNB6G1Wa3M9cmg.jpg]
[pf.hanbing365.cn/attachment/images/3/2022/09/wbI9X9x4948CC2a42bZcCa9C2a59B1.jpg]
[pf.hanbing365.cn/attachment/images/3/2022/09/ogmZgPOGPT51P6n7TkGz166KZ79G5o.jpg]
[pf.hanbing365.cn/attachment/images/3/2022/09/FoZ0d0D93kxXM3dcyCKbBd7J9Oe0kz.jpg]
[pf.hanbing365.cn/attachment/images/3/2022/09/oIaqH1uHbQhZDAZkSQK0ybyS8tIAn6.jpg]
[pf.hanbing365.cn/attachment/images/3/2022/09/XBJ5pAiBcbIGBcbxaQkYBCl8vBJz5J.jpg]
[pf.hanbing365.cn/attachment/images/3/2022/09/b4v5n6AXDkvKT04S4ANVKs30pnvh61.jpg]
[pf.hanbing365.cn/attachment/images/3/2022/09/EVgUi39ndZ3DNIGd93dptu8prtGth8.jpg]
[pf.hanbing365.cn/attachment/images/3/2022/09/wJaqhEOb6yze5o6mt7y4qjBoa5mBpe.jpg]
[pf.hanbing365.cn/attachment/images/3/2022/09/jEm0441A1r8WG77u48EIuq4WI6m881.jpg]
[pf.hanbing365.cn/app/index7d1c.html]
[pf.hanbing365.cn/attachment/images/3/2022/09/VFbxYXZfbrHy4IHybY7ybytxh4d477.jpg]
[pf.hanbing365.cn/app/index5a00.html]
[pf.hanbing365.cn/app/index8517.html]
[pf.hanbing365.cn/app/index7cbf.html]
[pf.hanbing365.cn/app/indexcace.html]
[pf.hanbing365.cn/app/indexc9eb.html]
[pf.hanbing365.cn/app/index242f.html]
[pf.hanbing365.cn/app/index6ebf.html]
[pf.hanbing365.cn/app/indexe8b2.html]
[pf.hanbing365.cn/app/index5467.html]
[pf.hanbing365.cn/app/index7aae.html]
[pf.hanbing365.cn/app/indexd42b.html]
[pf.hanbing365.cn/app/index4549.html]
[pf.hanbing365.cn/app/indexa7f3.html]
[pf.hanbing365.cn/app/indexfaec.html]
[pf.hanbing365.cn/app/index4497.html]
[pf.hanbing365.cn/app/index9925.html]
[pf.hanbing365.cn/app/indexb1ca.html]
[pf.hanbing365.cn/app/index97f8.html]
[pf.hanbing365.cn/app/index16c4.html]
[pf.hanbing365.cn/app/index4c82.html]
[pf.hanbing365.cn/app/index3d73.html]
[pf.hanbing365.cn/app/index4839.html]
[pf.hanbing365.cn/app/indexc6c9.html]
[pf.hanbing365.cn/app/index927b.html]
[pf.hanbing365.cn/app/index683f.html]
[pf.hanbing365.cn/app/index89ab.html]
[pf.hanbing365.cn/app/indexd34d.html]
[pf.hanbing365.cn/app/indexb63f.html]
[pf.hanbing365.cn/app/index15bd.html]
[pf.hanbing365.cn/app/index6f5d.html]
[pf.hanbing365.cn/app/index5866.html]
[pf.hanbing365.cn/app/index8eb6.html]
[pf.hanbing365.cn/app/index7473.html]
[pf.hanbing365.cn/app/index551c.html]
[pf.hanbing365.cn/app/indexc972.html]
[pf.hanbing365.cn/app/index5b03.html]
[pf.hanbing365.cn/app/index5461.html]
[pf.hanbing365.cn/app/index9cad.html]
[pf.hanbing365.cn/app/index758f.html]
[pf.hanbing365.cn/app/indexe459.html]
[pf.hanbing365.cn/app/index78f2.html]
[pf.hanbing365.cn/app/indexc229.html]
[pf.hanbing365.cn/app/index4e64.html]
[pf.hanbing365.cn/app/index3f9b.html]
[pf.hanbing365.cn/app/index37dd.html]
[pf.hanbing365.cn/app/index0b2c.html]
[pf.hanbing365.cn/app/index336b.html]
[pf.hanbing365.cn/app/index1468.html]
[pf.hanbing365.cn/app/index9f74.html]
[pf.hanbing365.cn/app/index5798.html]
[pf.hanbing365.cn/app/indexdbe6.html]
[pf.hanbing365.cn/app/indexf51e.html]
[pf.hanbing365.cn/app/index3473.html]
[pf.hanbing365.cn/app/indexee49.html]
[pf.hanbing365.cn/app/index6a1d.html]
[pf.hanbing365.cn/app/index7dbf.html]
[pf.hanbing365.cn/app/index2f15.html]
[pf.hanbing365.cn/app/index4f0b.html]
[pf.hanbing365.cn/app/indexe549.html]
[pf.hanbing365.cn/app/index6d52.html]
[pf.hanbing365.cn/app/indexd3cd.html]
[pf.hanbing365.cn/app/indexe273.html]
[pf.hanbing365.cn/app/index5e63.html]
[pf.hanbing365.cn/app/indexd2f8.html]
[pf.hanbing365.cn/app/index5447.html]
[pf.hanbing365.cn/app/index1e2b.html]
[pf.hanbing365.cn/app/index8db8.html]
[pf.hanbing365.cn/app/index5e8a.html]
[pf.hanbing365.cn/app/index0e68.html]
[pf.hanbing365.cn/app/index932f.html]
[pf.hanbing365.cn/app/index2296.html]
[pf.hanbing365.cn/app/indexf3e9.html]
[pf.hanbing365.cn/app/index83ea.html]
[pf.hanbing365.cn/app/index10e7.html]
[pf.hanbing365.cn/app/index72bc.html]
[pf.hanbing365.cn/app/index9251.html]
[pf.hanbing365.cn/app/index27ef.html]
[pf.hanbing365.cn/app/index13db.html]
[pf.hanbing365.cn/app/index67c0.html]
[pf.hanbing365.cn/app/indexd563.html]
[pf.hanbing365.cn/app/index1e70.html]
[pf.hanbing365.cn/app/index0d8f.html]
[pf.hanbing365.cn/app/index9d06.html]
[pf.hanbing365.cn/app/index6225.html]
[pf.hanbing365.cn/app/indexa8ed.html]
[pf.hanbing365.cn/app/index3e8b.html]
[pf.hanbing365.cn/app/indexb09c.html]
[pf.hanbing365.cn/app/resource/js/app/util.js]
[pf.hanbing365.cn/app/resource/js/require.js]
[pf.hanbing365.cn/app/resource/js/lib/jquery-1.11.1.min7c8e.js]
[pf.hanbing365.cn/app/resource/js/lib/mui.min7c8e.js]
[pf.hanbing365.cn/app/resource/js/app/common7c8e.js]
[pf.hanbing365.cn/addons/yy_shequn2/template/mobile/images/vip.jpg]
[pf.hanbing365.cn/app/index3f6c.html]
[pf.hanbing365.cn/app/index5d42.html]
[pf.hanbing365.cn/app/indexd192.html]
[pf.hanbing365.cn/addons/yy_shequn2/template/mobile/images/js/jQuery.textSlider.js]
[pf.hanbing365.cn/addons/yy_shequn2/template/mobile/images/finger.png]
[pf.hanbing365.cn/addons/yy_shequn2/template/mobile/images/novip.jpg]
[pf.hanbing365.cn/addons/yy_shequn2/images/qunIco/qun7.jpg]
[pf.hanbing365.cn/app/index2d21.html]
[pf.hanbing365.cn/app/indexed57.html]
[pf.hanbing365.cn/app/indexe286.html]
[pf.hanbing365.cn/addons/yy_shequn2/template/mobile/images/item_hover.html]
[pf.hanbing365.cn/app/indexc8ad.html]
[pf.hanbing365.cn/app/index6cbe.html]
[pf.hanbing365.cn/app/index5ae1.html]
[pf.hanbing365.cn/app/indexf026.html]
[pf.hanbing365.cn/app/index3d6a.html]
[pf.hanbing365.cn/app/indexe29c.html]
[pf.hanbing365.cn/app/index03dd.html]
[pf.hanbing365.cn/app/indexe109.html]
[pf.hanbing365.cn/app/indexaf62.html]
[pf.hanbing365.cn/app/indexc639.html]
[pf.hanbing365.cn/app/index3b63.html]
[pf.hanbing365.cn/app/indexe71e.html]
[pf.hanbing365.cn/app/index8923.html]
[pf.hanbing365.cn/app/index72bb.html]
[pf.hanbing365.cn/app/index5a00.html]
[pf.hanbing365.cn/app/index7cbf.html]
[pf.hanbing365.cn/app/indexcace.html]
[pf.hanbing365.cn/app/index242f.html]
[pf.hanbing365.cn/app/index6ebf.html]
[pf.hanbing365.cn/app/index5467.html]
[pf.hanbing365.cn/app/index7aae.html]
[pf.hanbing365.cn/app/index4549.html]
[pf.hanbing365.cn/app/indexa7f3.html]
[pf.hanbing365.cn/app/index4497.html]
[pf.hanbing365.cn/app/index9925.html]
[pf.hanbing365.cn/app/index97f8.html]
[pf.hanbing365.cn/app/index16c4.html]
[pf.hanbing365.cn/app/index3d73.html]
[pf.hanbing365.cn/app/index4839.html]
[pf.hanbing365.cn/app/index927b.html]
[pf.hanbing365.cn/app/index683f.html]
[pf.hanbing365.cn/app/indexd34d.html]
[pf.hanbing365.cn/app/indexb63f.html]
[pf.hanbing365.cn/app/index6f5d.html]
[pf.hanbing365.cn/app/index5866.html]
[pf.hanbing365.cn/app/index7473.html]
[pf.hanbing365.cn/app/index551c.html]
[pf.hanbing365.cn/app/index5b03.html]
[pf.hanbing365.cn/app/index5461.html]
[pf.hanbing365.cn/app/index758f.html]
[pf.hanbing365.cn/app/indexe459.html]
[pf.hanbing365.cn/app/indexc229.html]
[pf.hanbing365.cn/app/index4e64.html]
[pf.hanbing365.cn/app/index37dd.html]
[pf.hanbing365.cn/app/index0b2c.html]
[pf.hanbing365.cn/app/index1468.html]
[pf.hanbing365.cn/app/index9f74.html]
[pf.hanbing365.cn/app/indexdbe6.html]
[pf.hanbing365.cn/app/indexf51e.html]
[pf.hanbing365.cn/app/indexee49.html]
[pf.hanbing365.cn/app/index6a1d.html]
[pf.hanbing365.cn/app/index2f15.html]
[pf.hanbing365.cn/app/index4f0b.html]
[pf.hanbing365.cn/app/index6d52.html]
[pf.hanbing365.cn/app/indexd3cd.html]
[pf.hanbing365.cn/app/index5e63.html]
[pf.hanbing365.cn/app/indexd2f8.html]
[pf.hanbing365.cn/app/index1e2b.html]
[pf.hanbing365.cn/app/index8db8.html]
[pf.hanbing365.cn/app/index0e68.html]
[pf.hanbing365.cn/app/index932f.html]
[pf.hanbing365.cn/app/indexf3e9.html]
[pf.hanbing365.cn/app/index83ea.html]
[pf.hanbing365.cn/app/index72bc.html]
[pf.hanbing365.cn/app/index9251.html]
[pf.hanbing365.cn/app/index13db.html]
[pf.hanbing365.cn/app/index67c0.html]
[pf.hanbing365.cn/app/index1e70.html]
[pf.hanbing365.cn/app/index0d8f.html]
[pf.hanbing365.cn/app/index6225.html]
[pf.hanbing365.cn/app/indexa8ed.html]
[pf.hanbing365.cn/app/indexb09c.html]
[pf.hanbing365.cn/app/index6178.html]
[pf.hanbing365.cn/app/resource/css/bootstrap.min7c8e.css]
[pf.hanbing365.cn/app/index3f6c.html]
[pf.hanbing365.cn/app/indexc8ad.html]
[pf.hanbing365.cn/app/index6cbe.html]
[pf.hanbing365.cn/app/indexf026.html]
[pf.hanbing365.cn/app/index3d6a.html]
[pf.hanbing365.cn/app/index03dd.html]
[pf.hanbing365.cn/app/indexe109.html]
[pf.hanbing365.cn/app/indexc639.html]
[pf.hanbing365.cn/app/index3b63.html]
[pf.hanbing365.cn/app/index6178.html]
[pf.hanbing365.cn/attachment/images/global/wechat.html]
[pf.hanbing365.cn/app/resource/css/common.min7c8e.css]
[pf.hanbing365.cn/app/resource/fonts/glyphicons-halflings-regular.eot]
[pf.hanbing365.cn/app/resource/fonts/glyphicons-halflings-regulard41d.eot]
[pf.hanbing365.cn/app/resource/fonts/glyphicons-halflings-regular.woff]
[pf.hanbing365.cn/app/resource/fonts/glyphicons-halflings-regular.ttf]
[pf.hanbing365.cn/app/resource/css/bootstrap.min7c8e.css]
[pf.hanbing365.cn/app/resource/images/msg-success.png]
[pf.hanbing365.cn/app/resource/images/msg-error.png]
[pf.hanbing365.cn/app/resource/images/msg-warning.png]
[pf.hanbing365.cn/app/resource/images/msg-info.png]
[pf.hanbing365.cn/app/resource/fonts/mui.ttf]
[pf.hanbing365.cn/app/resource/fonts/fontawesome-webfont3295.eot]
[pf.hanbing365.cn/app/resource/fonts/fontawesome-webfontd41d.eot]
[pf.hanbing365.cn/app/resource/fonts/fontawesome-webfont3295.woff2]
[pf.hanbing365.cn/app/resource/fonts/fontawesome-webfont3295.woff]
[pf.hanbing365.cn/app/resource/fonts/fontawesome-webfont3295.ttf]
[pf.hanbing365.cn/app/resource/images/app/sprite_v5.png]
[pf.hanbing365.cn/app/resource/images/app/slider-bar.png]
[pf.hanbing365.cn/app/resource/images/app/nav5back.png]
[pf.hanbing365.cn/app/resource/images/home-bg.jpg]
[pf.hanbing365.cn/app/resource/images/card_bg09.png]
[pf.hanbing365.cn/app/resource/images/bg-paycenter-banner.png]
[pf.hanbing365.cn/app/resource/images/selected-success.png]
[pf.hanbing365.cn/app/resource/images/coupon-line-danger.png]
[pf.hanbing365.cn/app/resource/images/coupon-line-info.png]
[pf.hanbing365.cn/app/resource/css/common.min7c8e.css]
[pf.hanbing365.cn/app/resource/fonts/glyphicons-halflings-regular.svg]
[pf.hanbing365.cn/app/resource/fonts/fontawesome-webfont3295.svg]
